// Vitest Snapshot v1, https://vitest.dev/guide/snapshot.html

exports[`bulletChartUiConfigHelper > getBulletChartUiConfig > should return bullet chart ui config 1`] = `
{
  "buckets": [
    {
      "items": [
        {
          "aggregation": null,
          "attribute": "aazb6kroa3iC",
          "localIdentifier": "m1",
          "showInPercent": null,
          "showOnSecondaryAxis": null,
          "type": "metric",
        },
      ],
      "localIdentifier": "measures",
    },
    {
      "items": [
        {
          "aggregation": null,
          "attribute": "af2Ewj9Re2vK",
          "localIdentifier": "m2",
          "showInPercent": null,
          "showOnSecondaryAxis": null,
          "type": "metric",
        },
      ],
      "localIdentifier": "secondary_measures",
    },
    {
      "items": [
        {
          "aggregation": null,
          "attribute": "dt.opportunitysnapshot.snapshotdate",
          "localIdentifier": "m3",
          "showInPercent": null,
          "showOnSecondaryAxis": true,
          "type": "metric",
        },
      ],
      "localIdentifier": "tertiary_measures",
    },
    {
      "items": [
        {
          "aggregation": null,
          "attribute": "attr.owner.department",
          "dfRef": {
            "uri": "a1/df",
          },
          "localIdentifier": "a1",
          "type": "attribute",
        },
      ],
      "localIdentifier": "view",
    },
  ],
  "filters": {
    "items": [],
    "localIdentifier": "filters",
  },
  "uiConfig": {
    "buckets": {
      "filters": {
        "accepts": [
          "attribute",
          "date",
        ],
        "allowsReordering": false,
        "enabled": true,
        "isShowInPercentEnabled": false,
        "itemsLimit": 20,
        "itemsLimitByType": {
          "date": 1,
        },
      },
      "measures": {
        "accepts": [
          "metric",
          "fact",
          "attribute",
        ],
        "allowsDuplicateItems": true,
        "allowsReordering": false,
        "allowsSwapping": true,
        "canAddItems": false,
        "enabled": true,
        "icon": "local:bullet/bucket-title-primary.svg",
        "isShowInPercentEnabled": false,
        "isShowInPercentVisible": false,
        "isShowOnSecondaryAxisVisible": false,
        "itemsLimit": 1,
        "subtitle": "Primary",
        "title": "Measure",
      },
      "secondary_measures": {
        "accepts": [
          "metric",
          "fact",
          "attribute",
        ],
        "allowsDuplicateItems": true,
        "allowsReordering": false,
        "allowsSwapping": true,
        "canAddItems": false,
        "enabled": true,
        "icon": "local:bullet/bucket-title-target.svg",
        "isShowInPercentEnabled": false,
        "isShowInPercentVisible": false,
        "isShowOnSecondaryAxisVisible": false,
        "itemsLimit": 1,
        "subtitle": "Target",
        "title": "Measure",
      },
      "tertiary_measures": {
        "accepts": [
          "metric",
          "fact",
          "attribute",
        ],
        "allowsDuplicateItems": true,
        "allowsReordering": false,
        "allowsSwapping": true,
        "canAddItems": false,
        "enabled": true,
        "icon": "local:bullet/bucket-title-comparative.svg",
        "isShowInPercentEnabled": false,
        "isShowInPercentVisible": false,
        "isShowOnSecondaryAxisVisible": false,
        "itemsLimit": 1,
        "subtitle": "Comparative",
        "title": "Measure",
      },
      "view": {
        "accepts": [
          "attribute",
          "date",
        ],
        "allowsReordering": true,
        "allowsSwapping": true,
        "canAddItems": true,
        "enabled": true,
        "icon": "local:bullet/bucket-title-view-by.svg",
        "isShowInPercentEnabled": false,
        "itemsLimit": 2,
        "itemsLimitByType": {
          "date": 1,
        },
        "title": "View by",
      },
    },
    "exportConfig": {
      "supported": true,
    },
    "openAsReport": {
      "supported": false,
    },
    "recommendations": {},
    "supportedOverTimeComparisonTypes": [
      "same_period_previous_year",
      "previous_period",
    ],
  },
}
`;
