// Vitest Snapshot v1, https://vitest.dev/guide/snapshot.html

exports[`DocumentHeader > should set the icons 1`] = `
[
  {
    "href": "APPLE_URL",
    "rel": "apple-touch-icon",
    "type": "image/png",
  },
  {
    "href": "FAVICON_URL",
    "rel": "shortcut icon",
    "type": "image/x-icon",
  },
]
`;
